\BOOKMARK [0][-]{chapter.1}{\376\377\170\002\170\076\060\001\224\301\134\121\060\001\176\323\127\242\162\151\060\001\207\041\173\111\116\225\173\122\121\205\166\204\217\320\171\373\123\312\122\006\136\003\211\304\137\213\170\024\172\166}{}% 1
\BOOKMARK [0][-]{chapter.2}{\376\377\116\225\173\122\121\205\230\227\174\222\217\320\171\373\133\236\232\214}{}% 2
\BOOKMARK [0][-]{chapter.3}{\376\377\155\361\136\246\156\005\155\001\135\345\121\167\213\276\213\241}{}% 3
\BOOKMARK [1][-]{section.3.1}{\376\377\040\034\116\011\124\010\116\000\040\035\201\011\121\262\137\017\121\262\122\056\122\067\226\306\142\020\137\017\116\225\173\122\156\005\155\001\135\345\121\167\213\276\213\241}{chapter.3}% 4
\BOOKMARK [1][-]{section.3.2}{\376\377\040\034\126\333\124\010\116\000\040\035\220\032\122\056\122\067\170\301\226\306\142\020\137\017\116\225\173\122\156\005\155\001\135\345\121\167\213\276\213\241}{chapter.3}% 5
\BOOKMARK [2][-]{subsection.3.2.1}{\376\377\135\345\121\167\140\073\117\123\176\323\147\204\213\276\213\241}{section.3.2}% 6
\BOOKMARK [3][-]{subsubsection.3.2.1.1}{\376\377\126\333\124\010\116\000\135\345\121\167\116\073\211\201\122\237\200\375\220\350\116\366}{subsection.3.2.1}% 7
\BOOKMARK [3][-]{subsubsection.3.2.1.2}{\376\377\126\333\124\010\116\000\135\345\121\167\217\205\122\251\176\323\147\204}{subsection.3.2.1}% 8
\BOOKMARK [2][-]{subsection.3.2.2}{\376\377\213\276\213\241\213\241\173\227\116\016\150\041\150\070}{section.3.2}% 9
\BOOKMARK [3][-]{subsubsection.3.2.2.1}{\376\377\116\073\211\201\123\327\122\233\116\366\166\204\207\272\176\271\137\072\136\246\150\041\150\070}{subsection.3.2.2}% 10
\BOOKMARK [3][-]{subsubsection.3.2.2.2}{\376\377\116\073\211\201\123\327\122\233\116\366\166\204\226\366\116\366\137\072\136\246\150\041\150\070}{subsection.3.2.2}% 11
\BOOKMARK [3][-]{subsubsection.3.2.2.3}{\376\377\116\073\211\201\123\327\122\233\116\366\166\204\226\366\116\366\137\072\136\246\142\227\142\155\150\041\150\070}{subsection.3.2.2}% 12
\BOOKMARK [3][-]{subsubsection.3.2.2.4}{\376\377\137\071\174\047\166\204\122\233\133\146\213\241\173\227}{subsection.3.2.2}% 13
\BOOKMARK [2][-]{subsection.3.2.3}{\376\377\203\361\137\142\122\056\147\177\122\056\122\112\145\110\147\234\213\304\116\367}{section.3.2}% 14
\BOOKMARK [2][-]{subsection.3.2.4}{\376\377\145\234\237\177\137\142\122\056\147\177\122\056\122\112\145\110\147\234\213\304\116\367}{section.3.2}% 15
\BOOKMARK [2][-]{subsection.3.2.5}{\376\377\144\315\117\134\145\271\137\017}{section.3.2}% 16
\BOOKMARK [3][-]{subsubsection.3.2.5.1}{\376\377\000\040\117\177\165\050\145\271\154\325}{subsection.3.2.5}% 17
\BOOKMARK [3][-]{subsubsection.3.2.5.2}{\376\377\000\040\144\315\117\134\145\271\154\325}{subsection.3.2.5}% 18
\BOOKMARK [2][-]{subsection.3.2.6}{\376\377\176\364\142\244\116\016\117\335\121\173}{section.3.2}% 19
\BOOKMARK [3][-]{subsubsection.3.2.6.1}{\376\377\117\335\121\173}{subsection.3.2.6}% 20
\BOOKMARK [3][-]{subsubsection.3.2.6.2}{\376\377\173\241\133\120\172\331\176\364\117\356}{subsection.3.2.6}% 21
\BOOKMARK [2][-]{subsection.3.2.7}{\376\377\155\113\213\325\116\016\150\300\147\345}{section.3.2}% 22
\BOOKMARK [2][-]{subsection.3.2.8}{\376\377\170\301\224\301\140\047\200\375\213\304\116\367}{section.3.2}% 23
\BOOKMARK [1][-]{section.3.3}{\376\377\131\047\133\271\221\317\137\072\170\301\124\070\226\104\135\345\121\167\213\276\213\241}{chapter.3}% 24
\BOOKMARK [1][-]{section.3.4}{\376\377\131\032\122\237\200\375\217\307\156\344\135\345\121\167\213\276\213\241}{chapter.3}% 25
\BOOKMARK [1][-]{section.3.5}{\376\377\123\357\123\330\137\204\122\056\173\241\135\345\121\167\213\276\213\241}{chapter.3}% 26
\BOOKMARK [0][-]{section.3.5}{\376\377\123\302\200\003\145\207\163\056}{}% 27
\BOOKMARK [0][-]{appendix*.23}{\376\377\226\104\116\366\0001}{}% 28
\BOOKMARK [1][-]{section.A.1}{\376\377\147\015\122\241\203\003\126\364}{appendix*.23}% 29
\BOOKMARK [2][-]{subsection.A.1.1}{\376\377\155\361\136\246\156\005\155\001\135\345\202\172\142\200\147\057\163\260\162\266\123\312\220\002\136\224\140\047\170\024\172\166}{section.A.1}% 30
\BOOKMARK [2][-]{subsection.A.1.2}{\376\377\116\225\173\122\232\330\145\110\156\005\155\001\142\200\147\057\221\115\131\127\164\006\213\272\170\024\172\166}{section.A.1}% 31
\BOOKMARK [2][-]{subsection.A.1.3}{\376\377\116\225\173\122\232\330\145\110\156\005\155\001\142\200\147\057\221\115\131\127\135\345\121\167\213\276\213\241}{section.A.1}% 32
\BOOKMARK [2][-]{subsection.A.1.4}{\376\377\135\345\121\167\136\224\165\050\145\110\147\234\166\204\131\032\126\340\175\040\122\006\147\220\145\271\154\325\170\024\172\166}{section.A.1}% 33
\BOOKMARK [2][-]{subsection.A.1.5}{\376\377\116\225\173\122\156\005\155\001\135\345\121\167\140\047\200\375\213\304\116\367\116\016\117\134\116\032\123\302\145\160\117\030\220\011\170\024\172\166}{section.A.1}% 34
\BOOKMARK [2][-]{subsection.A.1.6}{\376\377\213\304\116\367\133\236\232\214\217\307\172\013\217\320\217\154\146\040\134\004\145\160\133\127\133\152\165\037\142\200\147\057\170\024\172\166}{section.A.1}% 35
\BOOKMARK [1][-]{section.A.2}{\376\377\142\200\147\057\211\201\154\102}{appendix*.23}% 36
\BOOKMARK [2][-]{subsection.A.2.1}{\376\377\155\361\136\246\156\005\155\001\135\345\202\172\142\200\147\057\163\260\162\266\123\312\220\002\136\224\140\047\170\024\172\166}{section.A.2}% 37
\BOOKMARK [2][-]{subsection.A.2.2}{\376\377\116\225\173\122\232\330\145\110\156\005\155\001\142\200\147\057\221\115\131\127\164\006\213\272\170\024\172\166}{section.A.2}% 38
\BOOKMARK [2][-]{subsection.A.2.3}{\376\377\116\225\173\122\232\330\145\110\156\005\155\001\142\200\147\057\221\115\131\127\135\345\121\167\213\276\213\241}{section.A.2}% 39
\BOOKMARK [2][-]{subsection.A.2.4}{\376\377\135\345\121\167\136\224\165\050\145\110\147\234\166\204\131\032\126\340\175\040\122\006\147\220\145\271\154\325\170\024\172\166}{section.A.2}% 40
\BOOKMARK [2][-]{subsection.A.2.5}{\376\377\116\225\173\122\156\005\155\001\135\345\121\167\140\047\200\375\213\304\116\367\116\016\117\134\116\032\123\302\145\160\117\030\220\011\170\024\172\166}{section.A.2}% 41
\BOOKMARK [2][-]{subsection.A.2.6}{\376\377\213\304\116\367\133\236\232\214\217\307\172\013\217\320\217\154\146\040\134\004\145\160\133\127\133\152\165\037\142\200\147\057\170\024\172\166}{section.A.2}% 42
\BOOKMARK [2][-]{subsection.A.2.7}{\376\377\116\131\145\271\124\021\165\062\145\271\143\320\116\244\142\020\147\234}{section.A.2}% 43
\BOOKMARK [2][-]{subsection.A.2.8}{\376\377\167\345\213\306\116\247\147\103\117\335\142\244}{section.A.2}% 44
